// Jest Snapshot v1, https://goo.gl/fbAQLP

exports[`args length 2 1`] = `"Entry doesn't exist"`;

exports[`args length 2 2`] = `"Concurrent modification exception"`;

exports[`args length 2 3`] = `"DeepMap should be used with functions with a consistent length, expected: 2, got: 1"`;
